2026-05-06 15:13:36.265 [main] INFO  testCase.TC001_LoginTest - Clicked on Login Button
2026-05-06 15:15:56.260 [main] DEBUG testCase.TC001_LoginTest - debug
2026-05-06 15:15:56.263 [main] INFO  testCase.TC001_LoginTest - ==========Starting TC001===========
2026-05-06 15:16:05.848 [main] INFO  testCase.TC001_LoginTest - Clicked on Login Button
2026-05-06 15:16:07.897 [main] INFO  testCase.TC002_NavigationTest - ======TC002-Navigation Verification Started==========
2026-05-06 15:16:18.082 [main] INFO  testCase.TC002_NavigationTest - Exception > org.openqa.selenium.NoSuchElementException: no such element: Unable to locate element: {"method":"css selector","selector":"#\(\/\/li\[\@id\ \=\ \'COMMONCOLLECTORLIST\'\]\)\/a"}
  (Session info: chrome=147.0.7727.138)
For documentation on this error, please visit: https://www.selenium.dev/documentation/webdriver/troubleshooting/errors#no-such-element-exception
Build info: version: '4.20.0', revision: '866c76ca80'
System info: os.name: 'Windows 11', os.arch: 'amd64', os.version: '10.0', java.version: '21.0.9'
Driver info: org.openqa.selenium.chrome.ChromeDriver
Command: [053542b3d55908ec60ac3c7e13f2964a, findElement {value=(//li[@id = 'COMMONCOLLECTORLIST'])/a, using=id}]
Capabilities {acceptInsecureCerts: false, browserName: chrome, browserVersion: 147.0.7727.138, chrome: {chromedriverVersion: 146.0.7680.72 (cb10bb07c0a5..., userDataDir: C:\Users\YOGESH~1.POL\AppDa...}, fedcm:accounts: true, goog:chromeOptions: {debuggerAddress: localhost:61942}, goog:processID: 20984, networkConnectionEnabled: false, pageLoadStrategy: normal, platformName: windows, proxy: Proxy(), se:cdp: ws://localhost:61942/devtoo..., se:cdpVersion: 147.0.7727.138, setWindowRect: true, strictFileInteractability: false, timeouts: {implicit: 0, pageLoad: 300000, script: 30000}, unhandledPromptBehavior: dismiss and notify, webauthn:extension:credBlob: true, webauthn:extension:largeBlob: true, webauthn:extension:minPinLength: true, webauthn:extension:prf: true, webauthn:virtualAuthenticators: true}
Session ID: 053542b3d55908ec60ac3c7e13f2964a
2026-05-06 15:16:18.083 [main] DEBUG testCase.TC002_NavigationTest - Debug Logs stored.
2026-05-06 15:18:53.864 [TestNG-tests-2] DEBUG testCase.TC001_LoginTest - debug
2026-05-06 15:18:53.864 [TestNG-tests-1] DEBUG testCase.TC001_LoginTest - debug
2026-05-06 15:18:53.869 [TestNG-tests-2] INFO  testCase.TC001_LoginTest - ==========Starting TC001===========
2026-05-06 15:18:53.869 [TestNG-tests-1] INFO  testCase.TC001_LoginTest - ==========Starting TC001===========
2026-05-06 15:18:56.631 [TestNG-tests-1] INFO  testCase.TC001_LoginTest - Clicked on Login Button
2026-05-06 15:18:57.090 [TestNG-tests-2] INFO  testCase.TC001_LoginTest - Clicked on Login Button
2026-05-06 15:18:58.718 [TestNG-tests-1] INFO  testCase.TC002_NavigationTest - ======TC002-Navigation Verification Started==========
2026-05-06 15:18:58.987 [TestNG-tests-1] INFO  testCase.TC002_NavigationTest - Exception > org.openqa.selenium.NoSuchElementException: Unable to find element with locator By.xpath: //*[@class='item-nav']/div/div
For documentation on this error, please visit: https://www.selenium.dev/documentation/webdriver/troubleshooting/errors#no-such-element-exception
Build info: version: '4.20.0', revision: '866c76ca80'
System info: os.name: 'Windows 11', os.arch: 'amd64', os.version: '10.0', java.version: '21.0.9'
Driver info: driver.version: RemoteWebDriver
2026-05-06 15:18:58.988 [TestNG-tests-1] DEBUG testCase.TC002_NavigationTest - Debug Logs stored.
2026-05-06 15:18:59.107 [TestNG-tests-2] ERROR testCase.TC001_LoginTest - test failed
2026-05-06 15:18:59.107 [TestNG-tests-2] DEBUG testCase.TC001_LoginTest - debug logs
2026-05-06 15:18:59.116 [TestNG-tests-2] INFO  testCase.TC002_NavigationTest - ======TC002-Navigation Verification Started==========
2026-05-06 15:18:59.132 [TestNG-tests-2] INFO  testCase.TC002_NavigationTest - Exception > org.openqa.selenium.NoSuchWindowException: no such window: target window already closed
from unknown error: web view not found
  (Session info: chrome=147.0.7727.138)
Build info: version: '4.20.0', revision: '866c76ca80'
System info: os.name: 'Windows 11', os.arch: 'amd64', os.version: '10.0', java.version: '21.0.9'
Driver info: org.openqa.selenium.chrome.ChromeDriver
Command: [2057d9a63772cf899052b3bc649c0ae2, findElement {value=//*[@class='item-nav']/div/div, using=xpath}]
Capabilities {acceptInsecureCerts: false, browserName: chrome, browserVersion: 147.0.7727.138, chrome: {chromedriverVersion: 146.0.7680.72 (cb10bb07c0a5..., userDataDir: C:\Users\YOGESH~1.POL\AppDa...}, fedcm:accounts: true, goog:chromeOptions: {debuggerAddress: localhost:56366}, goog:processID: 13008, networkConnectionEnabled: false, pageLoadStrategy: normal, platformName: windows, proxy: Proxy(), se:cdp: ws://localhost:56366/devtoo..., se:cdpVersion: 147.0.7727.138, setWindowRect: true, strictFileInteractability: false, timeouts: {implicit: 0, pageLoad: 300000, script: 30000}, unhandledPromptBehavior: dismiss and notify, webauthn:extension:credBlob: true, webauthn:extension:largeBlob: true, webauthn:extension:minPinLength: true, webauthn:extension:prf: true, webauthn:virtualAuthenticators: true}
Session ID: 2057d9a63772cf899052b3bc649c0ae2
