2026-05-06 15:18:59.134 [TestNG-tests-2] DEBUG testCase.TC002_NavigationTest - Debug Logs stored.
2026-05-06 15:24:00.420 [TestNG-tests-1] DEBUG testCase.TC001_LoginTest - debug
2026-05-06 15:24:00.423 [TestNG-tests-1] INFO  testCase.TC001_LoginTest - ==========Starting TC001===========
2026-05-06 15:24:01.010 [TestNG-tests-2] DEBUG testCase.TC001_LoginTest - debug
2026-05-06 15:24:01.010 [TestNG-tests-2] INFO  testCase.TC001_LoginTest - ==========Starting TC001===========
2026-05-06 15:24:10.442 [TestNG-tests-2] INFO  testCase.TC001_LoginTest - Clicked on Login Button
2026-05-06 15:24:10.448 [TestNG-tests-1] INFO  testCase.TC001_LoginTest - Clicked on Login Button
2026-05-06 15:24:12.487 [TestNG-tests-2] INFO  testCase.TC002_NavigationTest - ======TC002-Navigation Verification Started==========
2026-05-06 15:24:12.489 [TestNG-tests-1] INFO  testCase.TC002_NavigationTest - ======TC002-Navigation Verification Started==========
2026-05-06 15:24:12.493 [TestNG-tests-2] INFO  testCase.TC002_NavigationTest - Exception > java.lang.NullPointerException: Cannot invoke "org.openqa.selenium.SearchContext.findElement(org.openqa.selenium.By)" because "this.searchContext" is null
2026-05-06 15:24:12.493 [TestNG-tests-1] INFO  testCase.TC002_NavigationTest - Exception > java.lang.NullPointerException: Cannot invoke "org.openqa.selenium.SearchContext.findElement(org.openqa.selenium.By)" because "this.searchContext" is null
2026-05-06 15:24:12.493 [TestNG-tests-2] DEBUG testCase.TC002_NavigationTest - Debug Logs stored.
2026-05-06 15:24:12.494 [TestNG-tests-1] DEBUG testCase.TC002_NavigationTest - Debug Logs stored.
2026-05-06 15:25:49.231 [main] DEBUG testCase.TC001_LoginTest - debug
2026-05-06 15:25:49.236 [main] INFO  testCase.TC001_LoginTest - ==========Starting TC001===========
2026-05-06 15:25:58.720 [main] INFO  testCase.TC001_LoginTest - Clicked on Login Button
2026-05-06 15:26:00.774 [main] INFO  testCase.TC002_NavigationTest - ======TC002-Navigation Verification Started==========
2026-05-06 15:26:05.788 [main] INFO  testCase.TC002_NavigationTest - Exception > java.lang.IllegalArgumentException: Driver must be set
2026-05-06 15:26:05.789 [main] DEBUG testCase.TC002_NavigationTest - Debug Logs stored.
2026-05-06 15:26:11.523 [main] DEBUG testCase.TC001_LoginTest - debug
2026-05-06 15:26:11.523 [main] INFO  testCase.TC001_LoginTest - ==========Starting TC001===========
2026-05-06 15:26:20.375 [main] INFO  testCase.TC001_LoginTest - Clicked on Login Button
2026-05-06 15:26:22.426 [main] INFO  testCase.TC002_NavigationTest - ======TC002-Navigation Verification Started==========
2026-05-06 15:26:26.308 [main] INFO  testCase.TC002_NavigationTest - Exception > java.lang.IllegalArgumentException: Driver must be set
2026-05-06 15:26:26.309 [main] DEBUG testCase.TC002_NavigationTest - Debug Logs stored.
2026-05-07 11:19:20.246 [main] DEBUG org.testng.TestNG - suiteXmlPath: "C:\Users\Yogesh.Pole\eclipse-workspace\OpenCartFramework\testngCrossBrowser.xml"
2026-05-07 11:19:20.570 [main] INFO  org.testng.internal.Utils - [TestNG] Running:
  C:\Users\Yogesh.Pole\eclipse-workspace\OpenCartFramework\testngCrossBrowser.xml

2026-05-07 11:19:32.364 [main] DEBUG testCase.TC001_LoginTest - debug
2026-05-07 11:19:32.365 [main] INFO  testCase.TC001_LoginTest - ==========Starting TC001===========
2026-05-07 11:19:42.719 [main] INFO  testCase.TC001_LoginTest - Clicked on Login Button
2026-05-07 11:19:44.760 [main] INFO  testCase.TC002_NavigationTest - ======TC002-Navigation Verification Started==========
2026-05-07 11:23:51.566 [main] DEBUG org.testng.TestNG - suiteXmlPath: "C:\Users\Yogesh.Pole\eclipse-workspace\OpenCartFramework\testngCrossBrowser.xml"
2026-05-07 11:23:51.861 [main] INFO  org.testng.internal.Utils - [TestNG] Running:
  C:\Users\Yogesh.Pole\eclipse-workspace\OpenCartFramework\testngCrossBrowser.xml

2026-05-07 11:23:57.164 [main] DEBUG testCase.TC001_LoginTest - debug
2026-05-07 11:23:57.164 [main] INFO  testCase.TC001_LoginTest - ==========Starting TC001===========
2026-05-07 11:24:06.302 [main] INFO  testCase.TC001_LoginTest - Clicked on Login Button
2026-05-07 11:24:08.337 [main] INFO  testCase.TC002_NavigationTest - ======TC002-Navigation Verification Started==========
2026-05-07 11:24:08.340 [main] INFO  testCase.TC002_NavigationTest - Exception > java.lang.NullPointerException: Cannot invoke "org.openqa.selenium.SearchContext.findElement(org.openqa.selenium.By)" because "this.searchContext" is null
2026-05-07 11:24:08.340 [main] DEBUG testCase.TC002_NavigationTest - Debug Logs stored.
2026-05-07 11:26:18.613 [main] DEBUG org.testng.TestNG - suiteXmlPath: "C:\Users\Yogesh.Pole\eclipse-workspace\OpenCartFramework\testngCrossBrowser.xml"
2026-05-07 11:26:18.861 [main] INFO  org.testng.internal.Utils - [TestNG] Running:
  C:\Users\Yogesh.Pole\eclipse-workspace\OpenCartFramework\testngCrossBrowser.xml

2026-05-07 11:27:53.263 [main] DEBUG org.testng.TestNG - suiteXmlPath: "C:\Users\Yogesh.Pole\eclipse-workspace\OpenCartFramework\testngCrossBrowser.xml"
